// Jest Snapshot v1, https://goo.gl/fbAQLP

exports[`PropertyDetails component should render properly 1`] = `
<DocumentFragment>
  <div>
    <h2>
      Dwelling: 16 Pitcairn House  St Thomass Square
    </h2>
    <div
      class="govuk-grid-row"
    >
      <div
        class="govuk-grid-column-one-half"
      >
        <p
          class="govuk-body-s"
        >
          <span
            class="govuk-body-xs"
          >
            Property details
          </span>
          <br />
          <span
            class="govuk-!-font-weight-bold"
          >
            16 Pitcairn House  St Thomass Square
          </span>
          <br />
          <span
            class="govuk-body-xs"
          >
            E9 6PT
          </span>
          <br />
        </p>
      </div>
    </div>
  </div>
</DocumentFragment>
`;
