// Jest Snapshot v1, https://goo.gl/fbAQLP

exports[`PropertiesTable component should render properly 1`] = `
<DocumentFragment>
  <div>
    <hr
      class="govuk-section-break govuk-section-break--l govuk-section-break--visible"
    />
    <table
      class="govuk-table"
    >
      <caption
        class="govuk-table__caption"
      >
        We found 2 results
      </caption>
      <thead
        class="govuk-table__head"
      >
        <tr
          class="govuk-table__row"
        >
          <th
            class="govuk-table__header"
            scope="col"
          >
            Address
          </th>
          <th
            class="govuk-table__header"
            scope="col"
          >
            Postcode
          </th>
          <th
            class="govuk-table__header"
            scope="col"
          >
            Property type
          </th>
          <th
            class="govuk-table__header"
            scope="col"
          >
            Property reference
          </th>
        </tr>
      </thead>
      <tbody
        class="govuk-table__body"
      >
        <tr
          class="govuk-table__row govuk-table__row--clickable"
        >
          <td
            class="govuk-table__cell"
          >
            16 Pitcairn House  St Thomass Square
          </td>
          <td
            class="govuk-table__cell"
          >
            E9 6PT
          </td>
          <td
            class="govuk-table__cell"
          >
            Dwelling
          </td>
          <td
            class="govuk-table__cell"
          >
            <a
              href="/properties/00023404"
            >
              00023404
            </a>
          </td>
        </tr>
        <tr
          class="govuk-table__row govuk-table__row--clickable"
        >
          <td
            class="govuk-table__cell"
          >
            1 Pitcairn House  St Thomass Square
          </td>
          <td
            class="govuk-table__cell"
          >
            E9 6PT
          </td>
          <td
            class="govuk-table__cell"
          >
            Dwelling
          </td>
          <td
            class="govuk-table__cell"
          >
            <a
              href="/properties/00023389"
            >
              00023389
            </a>
          </td>
        </tr>
      </tbody>
    </table>
  </div>
</DocumentFragment>
`;
